[gregarious-group-603318.framer.app/index.html]
[backblue.gif]
[fade.gif]
[index.html]
[framerusercontent.com/images/YXb0dGuRbFDEzgiyud2TPQ2lY.png]
[framerusercontent.com/images/honquIviSAC1A6XA8ElH3xxxPGI.png]
[framerusercontent.com/images/FaSeqJL5I8I06wKToySE4BBCkgbd31.jpg]
[framerusercontent.com/images/SUl7Vhv9jZEYooSixx6LxkLQHAg09d2.png]
[framerusercontent.com/images/jgg8XcpEvm1h5SzgaaSydSoklT050a7.png]
[framerusercontent.com/images/zyOs3hwjuvphtmajvC2Euho8I0be62.jpg]
[framerusercontent.com/images/Gl7ma9U9rLo5bNvUSEuGggiis50a7.png]
[framerusercontent.com/images/1XAJciGteON1toKqG0OuHG3GK8A1baa.png]
[framerusercontent.com/images/G1u0RvYpaHbie0ntinjj1bRyt8295b.png]
[framerusercontent.com/images/MMslNTodN2mjP2GNUPdkuMqBL9k9f57.jpg]
[framerusercontent.com/images/HE7A5pUWxlqJP6FV18BnZYoZMbg14a8.png]
[framerusercontent.com/images/jru1FNjTOgRJAE9xfxzT3FmqT46ddb.png]
[framerusercontent.com/images/nX3hZ6AEJvnIuXuqDICbhOZg050a7.png]
[framerusercontent.com/images/nI9UWA6CCDDVwDRoAbVrljSXdQ32d9.png]
[framerusercontent.com/images/6rWO5g6ViVQ3768Ji8iwLreDKo20cf.png]
[framerusercontent.com/images/lzIBBn83aXuPazBDq9OdXpOHg3o50a7.png]
[framerusercontent.com/images/FjdfmmfvvFAfbI0OL8dZc93xRQ5ad8.png]
[framerusercontent.com/images/dAdkkL9ZVdqRfEvOhTkc74wfzo5ad8.png]
[framerusercontent.com/images/lNQr1cUxC7IAmBRJcpl9j15Lww5ad8.png]
[gregarious-group-603318.framer.app/index.html]
